<html>
<body>
<pre>
<h1>µVision Build Log</h1>
<h2>Project:</h2>
C:\Users\Cedar\Desktop\PeriodicTimer0AInts_4C123\PeriodicTimer0AInts.uvproj
Project File Date:  08/11/2014

<h2>Output:</h2>
Build target 'PeriodicTimer0AInts'
linking...
Program Size: Code=1868 RO-data=72 RW-data=12 ZI-data=1124  
".\PeriodicTimer0AInts.axf" - 0 Error(s), 0 Warning(s).
Load "C:\\Users\\Cedar\\Desktop\\PeriodicTimer0AInts_4C123\\PeriodicTimer0AInts.axf" 
Connecting: Mode=JTAG, Speed=1000000Hz
Erase Done.
Programming Done.
Verify OK.
</pre>
</body>
</html>
rify OK.
iodicTimer0AInts_4C123\\PeriodicTimer0AInts.axf" 
Connecting: Mode=JTAG, Speed=1000000Hz
Erase Done.
Programming Done.
Verify OK.
axf" 
Connecting: Mode=JTAG, Speed=1000000Hz
Erase Done.
Programming Done.
Verify OK.
DLL has been cancelled
Load "C:\\Users\\Cedar\\Desktop\\PeriodicTimer0AInts_4C123\\PeriodicTimer0AInts.axf" 
Connecting: Mode=JTAG, Speed=1000000Hz
Erase Done.
Programming Done.
Verify OK.
